// Vitest Snapshot v1, https://vitest.dev/guide/snapshot.html

exports[`BoutiqueBooking stories snapshot > AppointmentRequired story renders and matches snapshot 1`] = `
<div
  class="max-w-md"
>
  <div
    class="flex flex-col gap-3"
    data-testid="boutique-booking"
  >
    <p
      class="text-sm text-muted-foreground"
    >
      Timepieces from $3,000 are reserved in boutique. Book a time and we will set the piece aside.
    </p>
    <a
      class="inline-flex items-center justify-center gap-2 whitespace-nowrap rounded-ui text-sm font-medium transition-all disabled:pointer-events-none disabled:opacity-50 [&_svg]:pointer-events-none [&_svg:not([class*='size-'])]:size-4 shrink-0 [&_svg]:shrink-0 outline-none focus-visible:border-ring focus-visible:ring-ring focus-visible:ring-[3px] aria-invalid:ring-destructive/20 dark:aria-invalid:ring-destructive/40 aria-invalid:border-destructive bg-primary text-primary-foreground hover:bg-primary/90 h-9 px-4 py-2 has-[>svg]:px-3 w-full"
      data-discover="true"
      data-size="default"
      data-slot="button"
      data-variant="default"
      href="/RefArchGlobal/en-GB/boutiques?product=ln-heritage-001"
    >
      Book an appointment
    </a>
    <a
      class="text-center text-sm text-foreground underline underline-offset-4"
      data-discover="true"
      href="/RefArchGlobal/en-GB/boutiques?product=ln-heritage-001"
    >
      Find a boutique
    </a>
  </div>
</div>
`;

exports[`BoutiqueBooking stories snapshot > Default story renders and matches snapshot 1`] = `
<div
  class="max-w-md"
>
  <div
    class="flex flex-col gap-3"
    data-testid="boutique-booking"
  >
    <p
      class="text-sm text-muted-foreground"
    >
      Prefer to see it on the wrist? Book time in boutique — or find a boutique near you.
    </p>
    <a
      class="inline-flex items-center justify-center gap-2 whitespace-nowrap rounded-ui text-sm font-medium transition-all disabled:pointer-events-none disabled:opacity-50 [&_svg]:pointer-events-none [&_svg:not([class*='size-'])]:size-4 shrink-0 [&_svg]:shrink-0 outline-none focus-visible:border-ring focus-visible:ring-ring focus-visible:ring-[3px] aria-invalid:ring-destructive/20 dark:aria-invalid:ring-destructive/40 aria-invalid:border-destructive border bg-background shadow-ui hover:bg-accent hover:text-accent-foreground dark:bg-input/30 dark:border-input dark:hover:bg-input/50 h-9 px-4 py-2 has-[>svg]:px-3 w-full"
      data-discover="true"
      data-size="default"
      data-slot="button"
      data-variant="outline"
      href="/RefArchGlobal/en-GB/boutiques"
    >
      Book an appointment
    </a>
    <a
      class="text-center text-sm text-foreground underline underline-offset-4"
      data-discover="true"
      href="/RefArchGlobal/en-GB/boutiques"
    >
      Find a boutique
    </a>
  </div>
</div>
`;
