// Vitest Snapshot v1, https://vitest.dev/guide/snapshot.html

exports[`PriceOnRequest stories snapshot > PriceOnRequest story renders and matches snapshot 1`] = `
<div
  class="items-center gap-2"
  data-testid="price-on-request"
>
  <span
    class="font-serif text-lg font-normal"
  >
    Price on request
  </span>
  <span
    class="sr-only"
  >
    Tourbillon 
    Price on request
  </span>
</div>
`;
